<?xml version="1.0" encoding="utf-8"?><testsuites name="pytest tests"><testsuite name="pytest" errors="0" failures="0" skipped="0" tests="15" time="2.048" timestamp="2026-02-10T15:10:44.476389+01:00" hostname="JRFH04TWKT"><testcase classname="tests.test_slack_mcp" name="test_slack_simple" time="0.036" /><testcase classname="tests.unit.test_config.TestMonitoringConfig" name="test_from_env_with_all_variables" time="0.001" /><testcase classname="tests.unit.test_config.TestMonitoringConfig" name="test_from_env_with_defaults" time="0.000" /><testcase classname="tests.unit.test_config.TestMonitoringConfig" name="test_validate_valid_config" time="0.000" /><testcase classname="tests.unit.test_config.TestMonitoringConfig" name="test_validate_missing_required_fields" time="0.000" /><testcase classname="tests.unit.test_config.TestMonitoringConfig" name="test_validate_invalid_numeric_values" time="0.000" /><testcase classname="tests.unit.test_slack_mcp_server" name="test_connection" time="0.225" /><testcase classname="tests.unit.test_slack_mcp_server.TestSlackMCPServer" name="test_send_message_success" time="0.001" /><testcase classname="tests.unit.test_slack_mcp_server.TestSlackMCPServer" name="test_send_message_channel_id" time="0.001" /><testcase classname="tests.unit.test_slack_mcp_server.TestSlackMCPServer" name="test_send_message_plain_channel_name" time="0.001" /><testcase classname="tests.unit.test_slack_mcp_server.TestSlackMCPServer" name="test_send_message_slack_api_error" time="0.001" /><testcase classname="tests.unit.test_slack_mcp_server.TestSlackMCPServer" name="test_send_message_unexpected_error" time="0.001" /><testcase classname="tests.unit.test_slack_mcp_server.TestSlackMCPServer" name="test_send_rich_message_success" time="0.001" /><testcase classname="tests.unit.test_slack_mcp_server.TestSlackMCPServer" name="test_test_connection_success" time="0.001" /><testcase classname="tests.unit.test_slack_mcp_server.TestSlackMCPServer" name="test_test_connection_failure" time="0.001" /></testsuite></testsuites>